\BOOKMARK [1][-]{section.1}{\376\377\000I\000n\000t\000r\000o\000d\000u\000c\000t\000i\000o\000n}{}% 1
\BOOKMARK [1][-]{section.2}{\376\377\000P\000r\000i\000o\000r\000\040\000W\000C\000T\000\040\000p\000r\000e\000d\000i\000c\000t\000i\000o\000n}{}% 2
\BOOKMARK [2][-]{subsection.2.1}{\376\377\000B\000r\000o\000a\000d\000e\000r\000\040\000W\000C\000T\000\040\000s\000t\000r\000u\000c\000t\000u\000r\000e}{section.2}% 3
\BOOKMARK [2][-]{subsection.2.2}{\376\377\000A\000p\000r\000i\000l\000\040\0002\0000\0002\0006\000\040\000c\000o\000l\000l\000i\000d\000e\000r\000\040\000p\000r\000e\000d\000i\000c\000t\000i\000o\000n}{section.2}% 4
\BOOKMARK [2][-]{subsection.2.3}{\376\377\000C\000o\000o\000r\000d\000i\000n\000a\000t\000e\000\040\000c\000o\000n\000v\000e\000n\000t\000i\000o\000n}{section.2}% 5
\BOOKMARK [1][-]{section.3}{\376\377\000P\000r\000i\000o\000r\000\040\000a\000r\000t\000\040\000a\000n\000d\000\040\000c\000o\000m\000p\000e\000t\000i\000n\000g\000\040\000m\000e\000c\000h\000a\000n\000i\000s\000m\000s}{}% 6
\BOOKMARK [2][-]{subsection.3.1}{\376\377\000G\000e\000n\000e\000r\000i\000c\000\040\000d\000i\000s\000c\000r\000e\000t\000e\000-\000s\000c\000a\000l\000e\000\040\000i\000n\000v\000a\000r\000i\000a\000n\000c\000e}{section.3}% 7
\BOOKMARK [2][-]{subsection.3.2}{\376\377\000H\000a\000d\000r\000o\000n\000-\000s\000p\000e\000c\000t\000r\000o\000s\000c\000o\000p\000y\000\040\000D\000S\000I}{section.3}% 8
\BOOKMARK [2][-]{subsection.3.3}{\376\377\000C\000o\000m\000p\000l\000e\000x\000-\000q\000/\000T\000s\000a\000l\000l\000i\000s\000\040\000l\000o\000g\000-\000p\000e\000r\000i\000o\000d\000i\000c\000i\000t\000y}{section.3}% 9
\BOOKMARK [2][-]{subsection.3.4}{\376\377\000C\000l\000o\000c\000k\000w\000o\000r\000k\000/\000l\000i\000n\000e\000a\000r\000-\000d\000i\000l\000a\000t\000o\000n\000\040\000r\000e\000s\000o\000n\000a\000n\000c\000e\000\040\000t\000o\000w\000e\000r\000s}{section.3}% 10
\BOOKMARK [2][-]{subsection.3.5}{\376\377\000S\000t\000a\000n\000d\000a\000r\000d\000\040\000M\000o\000d\000e\000l\000\040\000a\000n\000d\000\040\000d\000e\000t\000e\000c\000t\000o\000r\000/\000s\000y\000s\000t\000e\000m\000a\000t\000i\000c\000\040\000s\000t\000r\000u\000c\000t\000u\000r\000e}{section.3}% 11
\BOOKMARK [1][-]{section.4}{\376\377\000C\000M\000S\000\040\000o\000p\000e\000n\000\040\000d\000a\000t\000a}{}% 12
\BOOKMARK [2][-]{subsection.4.1}{\376\377\000R\000u\000n\0002\0000\0001\0006\000H}{section.4}% 13
\BOOKMARK [2][-]{subsection.4.2}{\376\377\000R\000u\000n\0002\0000\0001\0006\000G}{section.4}% 14
\BOOKMARK [2][-]{subsection.4.3}{\376\377\000M\000u\000o\000n\000\040\000c\000e\000r\000t\000i\000f\000i\000c\000a\000t\000i\000o\000n}{section.4}% 15
\BOOKMARK [1][-]{section.5}{\376\377\000E\000v\000e\000n\000t\000\040\000r\000e\000c\000o\000n\000s\000t\000r\000u\000c\000t\000i\000o\000n\000\040\000a\000n\000d\000\040\000s\000e\000l\000e\000c\000t\000i\000o\000n}{}% 16
\BOOKMARK [2][-]{subsection.5.1}{\376\377\000E\000x\000p\000l\000i\000c\000i\000t\000\040\000r\000e\000s\000o\000n\000a\000n\000c\000e\000\040\000m\000a\000s\000k\000s}{section.5}% 17
\BOOKMARK [1][-]{section.6}{\376\377\000C\000o\000n\000t\000i\000n\000u\000u\000m\000\040\000m\000o\000d\000e\000l}{}% 18
\BOOKMARK [1][-]{section.7}{\376\377\000L\000o\000g\000-\000p\000e\000r\000i\000o\000d\000i\000c\000\040\000s\000p\000e\000c\000t\000r\000a\000l\000\040\000t\000e\000s\000t}{}% 19
\BOOKMARK [2][-]{subsection.7.1}{\376\377\000S\000p\000e\000c\000t\000r\000a\000l\000-\000r\000e\000s\000o\000l\000u\000t\000i\000o\000n\000\040\000c\000o\000n\000d\000i\000t\000i\000o\000n}{section.7}% 20
\BOOKMARK [1][-]{section.8}{\376\377\000N\000u\000l\000l\000\040\000d\000i\000s\000t\000r\000i\000b\000u\000t\000i\000o\000n\000s}{}% 21
\BOOKMARK [2][-]{subsection.8.1}{\376\377\000R\000e\000s\000i\000d\000u\000a\000l\000-\000p\000e\000r\000m\000u\000t\000a\000t\000i\000o\000n\000\040\000n\000u\000l\000l}{section.8}% 22
\BOOKMARK [2][-]{subsection.8.2}{\376\377\000P\000a\000r\000a\000m\000e\000t\000r\000i\000c\000\040\000P\000o\000i\000s\000s\000o\000n\000\040\000b\000a\000c\000k\000g\000r\000o\000u\000n\000d\000-\000r\000e\000f\000i\000t\000\040\000n\000u\000l\000l}{section.8}% 23
\BOOKMARK [1][-]{section.9}{\376\377\000A\000n\000a\000l\000y\000s\000i\000s\000\040\000d\000e\000v\000e\000l\000o\000p\000m\000e\000n\000t\000\040\000a\000n\000d\000\040\000r\000e\000j\000e\000c\000t\000i\000o\000n\000\040\000o\000f\000\040\000t\000h\000e\000\040\000i\000n\000i\000t\000i\000a\000l\000\040\000b\000o\000u\000n\000d\000a\000r\000y\000\040\000s\000o\000l\000u\000t\000i\000o\000n}{}% 24
\BOOKMARK [1][-]{section.10}{\376\377\000C\000e\000r\000t\000i\000f\000i\000e\000d\000\040\000R\000u\000n\0002\0000\0001\0006\000H\000\040\000d\000i\000s\000c\000o\000v\000e\000r\000y}{}% 25
\BOOKMARK [1][-]{section.11}{\376\377\000P\000r\000e\000r\000e\000g\000i\000s\000t\000r\000a\000t\000i\000o\000n\000\040\000o\000f\000\040\000t\000h\000e\000\040\000C\000M\000S\000\040\000r\000e\000p\000l\000i\000c\000a\000t\000i\000o\000n}{}% 26
\BOOKMARK [1][-]{section.12}{\376\377\000F\000r\000o\000z\000e\000n\000\040\000R\000u\000n\0002\0000\0001\0006\000H\000\040\000i\000n\000d\000e\000p\000e\000n\000d\000e\000n\000t\000-\000f\000i\000l\000e\000\040\000r\000e\000p\000l\000i\000c\000a\000t\000i\000o\000n}{}% 27
\BOOKMARK [1][-]{section.13}{\376\377\000P\000r\000e\000r\000e\000g\000i\000s\000t\000e\000r\000e\000d\000\040\000R\000u\000n\0002\0000\0001\0006\000G\000\040\000c\000r\000o\000s\000s\000-\000p\000e\000r\000i\000o\000d\000\040\000r\000e\000p\000l\000i\000c\000a\000t\000i\000o\000n}{}% 28
\BOOKMARK [1][-]{section.14}{\376\377\000S\000u\000m\000m\000a\000r\000y\000\040\000o\000f\000\040\000r\000e\000s\000u\000l\000t\000s}{}% 29
\BOOKMARK [1][-]{section.15}{\376\377\000F\000i\000g\000u\000r\000e\000s}{}% 30
\BOOKMARK [1][-]{section.16}{\376\377\000I\000n\000t\000e\000r\000p\000r\000e\000t\000a\000t\000i\000o\000n\000\040\000f\000o\000r\000\040\000W\000C\000T}{}% 31
\BOOKMARK [2][-]{subsection.16.1}{\376\377\000W\000h\000a\000t\000\040\000t\000h\000e\000\040\000d\000a\000t\000a\000\040\000s\000u\000p\000p\000o\000r\000t}{section.16}% 32
\BOOKMARK [2][-]{subsection.16.2}{\376\377\000W\000h\000a\000t\000\040\000t\000h\000e\000\040\000d\000a\000t\000a\000\040\000d\000o\000\040\000n\000o\000t\000\040\000y\000e\000t\000\040\000e\000s\000t\000a\000b\000l\000i\000s\000h}{section.16}% 33
\BOOKMARK [1][-]{section.17}{\376\377\000W\000h\000y\000\040\000t\000h\000e\000\040\000C\000M\000S\000\040\000r\000e\000s\000u\000l\000t\000\040\000i\000s\000\040\000n\000o\000t\000\040\000y\000e\000t\000\040\000`\000`\000c\000a\000s\000e\000\040\000c\000l\000o\000s\000e\000d\000'\000'}{}% 34
\BOOKMARK [1][-]{section.18}{\376\377\000S\000p\000e\000c\000i\000f\000i\000c\000\040\000s\000y\000s\000t\000e\000m\000a\000t\000i\000c\000\040\000r\000i\000s\000k\000s}{}% 35
\BOOKMARK [2][-]{subsection.18.1}{\376\377\000T\000r\000i\000g\000g\000e\000r\000\040\000a\000n\000d\000\040\000a\000c\000c\000e\000p\000t\000a\000n\000c\000e}{section.18}% 36
\BOOKMARK [2][-]{subsection.18.2}{\376\377\000M\000u\000o\000n\000\040\000e\000f\000f\000i\000c\000i\000e\000n\000c\000y\000\040\000a\000n\000d\000\040\000r\000e\000c\000o\000n\000s\000t\000r\000u\000c\000t\000i\000o\000n}{section.18}% 37
\BOOKMARK [2][-]{subsection.18.3}{\376\377\000C\000o\000n\000t\000i\000n\000u\000u\000m\000\040\000m\000o\000d\000e\000l\000\040\000d\000e\000p\000e\000n\000d\000e\000n\000c\000e}{section.18}% 38
\BOOKMARK [2][-]{subsection.18.4}{\376\377\000R\000e\000s\000i\000d\000u\000a\000l\000\040\000r\000e\000s\000o\000n\000a\000n\000c\000e\000\040\000a\000n\000d\000\040\000h\000e\000a\000v\000y\000-\000f\000l\000a\000v\000o\000r\000\040\000s\000t\000r\000u\000c\000t\000u\000r\000e}{section.18}% 39
\BOOKMARK [2][-]{subsection.18.5}{\376\377\000C\000o\000r\000r\000e\000l\000a\000t\000e\000d\000\040\000r\000e\000s\000i\000d\000u\000a\000l\000s}{section.18}% 40
\BOOKMARK [1][-]{section.19}{\376\377\000P\000r\000e\000d\000e\000c\000l\000a\000r\000e\000d\000\040\000r\000o\000b\000u\000s\000t\000n\000e\000s\000s\000\040\000m\000a\000t\000r\000i\000x}{}% 41
\BOOKMARK [1][-]{section.20}{\376\377\000C\000r\000i\000t\000i\000c\000a\000l\000\040\000e\000x\000t\000e\000r\000n\000a\000l\000\040\000r\000e\000p\000l\000i\000c\000a\000t\000i\000o\000n\000\040\000t\000e\000s\000t\000s}{}% 42
\BOOKMARK [2][-]{subsection.20.1}{\376\377\000D\000i\000f\000f\000e\000r\000e\000n\000t\000\040\000C\000M\000S\000\040\000c\000h\000a\000n\000n\000e\000l}{section.20}% 43
\BOOKMARK [2][-]{subsection.20.2}{\376\377\000I\000n\000d\000e\000p\000e\000n\000d\000e\000n\000t\000\040\000e\000x\000p\000e\000r\000i\000m\000e\000n\000t}{section.20}% 44
\BOOKMARK [2][-]{subsection.20.3}{\376\377\000T\000h\000e\000o\000r\000y\000-\000d\000e\000r\000i\000v\000e\000d\000\040\000f\000r\000e\000q\000u\000e\000n\000c\000y\000\040\000m\000a\000p\000p\000i\000n\000g}{section.20}% 45
\BOOKMARK [1][-]{section.21}{\376\377\000R\000e\000l\000a\000t\000i\000o\000n\000\040\000t\000o\000\040\000t\000h\000e\000\040\000b\000r\000o\000a\000d\000e\000r\000\040\000m\000u\000l\000t\000i\000-\000d\000o\000m\000a\000i\000n\000\040\000W\000C\000T\000\040\000p\000r\000o\000g\000r\000a\000m}{}% 46
\BOOKMARK [1][-]{section.22}{\376\377\000R\000e\000p\000r\000o\000d\000u\000c\000i\000b\000i\000l\000i\000t\000y}{}% 47
\BOOKMARK [2][-]{subsection.22.1}{\376\377\000D\000i\000s\000c\000o\000v\000e\000r\000y\000-\000f\000i\000l\000e\000\040\000c\000e\000r\000t\000i\000f\000i\000e\000d\000\040\000r\000u\000n}{section.22}% 48
\BOOKMARK [2][-]{subsection.22.2}{\376\377\000F\000r\000o\000z\000e\000n\000\040\000R\000u\000n\0002\0000\0001\0006\000H\000\040\000r\000e\000p\000l\000i\000c\000a\000t\000i\000o\000n}{section.22}% 49
\BOOKMARK [2][-]{subsection.22.3}{\376\377\000F\000r\000o\000z\000e\000n\000\040\000R\000u\000n\0002\0000\0001\0006\000G\000\040\000r\000e\000p\000l\000i\000c\000a\000t\000i\000o\000n}{section.22}% 50
\BOOKMARK [1][-]{section.23}{\376\377\000C\000o\000n\000c\000l\000u\000s\000i\000o\000n}{}% 51
